
> upaa-frontend@0.1.0 build
> next build

   Γû▓ Next.js 15.5.14
   - Environments: .env.local

   Creating an optimized production build ...
 Γ£ô Compiled successfully in 2.5s
   Linting and checking validity of types ...
node.exe : Failed to compile.
At line:1 char:1
+ & "C:\Program Files\nodejs/node.exe" "C:\Program Files\nodejs/node_mo ...
+ ~~~~~~~~~~~~~~~~~~~~~~~~~~~~~~~~~~~~~~~~~~~~~~~~~~~~~~~~~~~~~~~~~~~~~
    + CategoryInfo          : NotSpecified: (Failed to compile.:String) [], Re 
   moteException
    + FullyQualifiedErrorId : NativeCommandError
 

.next/types/app/admin/edificacoes/[id]/edit/page.ts:2:24
Type error: File 'C:/Users/10088091/Documents/Estudos/AGES - POA 
ALEMA/UPAA-frontend/src/app/admin/edificacoes/[id]/edit/page.tsx' is not a 
module.

[0m [90m 1 |[39m [90m// File: C:\Users\10088091\Documents\Estudos\AGES - 
POA ALEMA\UPAA-frontend\src\app\admin\edificacoes\[id]\edit\page.tsx[39m
[31m[1m>[22m[39m[90m 2 |[39m [36mimport[39m [33m*[39m [36mas[39m 
entry [36mfrom[39m 
[32m'../../../../../../../src/app/admin/edificacoes/[id]/edit/page.js'[39m
 [90m   |[39m                        [31m[1m^[22m[39m
 [90m 3 |[39m [36mimport[39m type { [33mResolvingMetadata[39m[33m,[39m 
[33mResolvingViewport[39m } [36mfrom[39m 
[32m'next/dist/lib/metadata/types/metadata-interface.js'[39m
 [90m 4 |[39m
 [90m 5 |[39m type [33mTEntry[39m [33m=[39m [36mtypeof[39m [36mimport
[39m([32m'../../../../../../../src/app/admin/edificacoes/[id]/edit/page.js'[3
9m)[0m
Next.js build worker exited with code: 1 and signal: null
